"blank"					"=========================="
"blank"					"Communication"
"blank"					"=========================="
"+voicerecord"				"Use voice communication"
"messagemode"				"Chat message"
"messagemode2"				"Team message"
"blank"					"=========================="
"blank"					"Movement"
"blank"					"=========================="
"+forward"				"Move forward"
"+back"					"Move back"
"+left"					"Turn left"
"+right"				"Turn right"
"+moveleft"				"Move left (strafe)"
"+moveright"				"Move right (strafe)"
"+jump"					"Jump"
"+duck"					"Duck"
"+alt1"					"Sprint"
"+moveup"				"Swim up"
"+movedown"				"Swim down"
"+lookup"				"Look up"
"+lookdown"				"Look down"
"centerview"				"Look straight ahead"
"+strafe"				"Strafe modifier"
"+mlook"				"Mouse look modifier"
"+klook"				"Keyboard look modifier"
"+use"					"Use item (buttons, scientists, ...)"
"blank"					"=========================="
"blank"					"Combat"
"blank"					"=========================="
"+attack"				"Primary attack"
"+attack2"				"Secondary attack"
"+attack3"				"Tertiary attack"
"+reload"				"Reload weapon"
"drop"					"Drop weapon"
"+speed"		        	"Walk"
"impulse 100"				"Flashlight"
"impulse 201"				"Spray logo"
"slot1"					"Slot 1"
"slot2"					"Slot 2"
"slot3" 				"Slot 3"
"slot4"					"Slot 4"
"slot5"					"Slot 5"
"slot6"					"Slot 6"
"slot7"					"Slot 7"
"slot8"					"Slot 8"
"slot9"					"Slot 9"
"slot9"					"Slot 10"
"invprev"				"Previous weapon"
"invnext"				"Next weapon"
"lastinv"				"Last used weapon"
"blank"					"=========================="
"blank"					"Project Timeless"
"blank"					"=========================="
"teamselect"				"Select Team"
"equip"					"Display equipment menu"
"briefing"				"Display briefing menu"
"+commandmenu"				"Display command menu"
"mp3menu"				"MP3-Player"
"timeleft"				"Show time left on map"
"blank"					"=========================="
"blank"					"Signals/Communication"
"blank"					"=========================="
"say_team Wait!%!SGNL_STOP%"		"Signal Stop"
"say_team Move In!%!SGNL_MOVE%"		"Signal Move In"
"say_team Look there!%!SGNL_POINT%"	"Signal Point"
"blank"					"=========================="
"blank"					"Miscellaneous"
"blank"					"=========================="
"+showscores"				"Display multiplayer scores"
"snapshot"				"Take screen shot"
"save quick"				"Quick save"
"load quick"				"Quick load"
"pause"					"Pause game"
"quit"					"Quit game"